// Jest Snapshot v1, https://goo.gl/fbAQLP

exports[`Reservation should match the snapshot 1`] = `
<section
  className="section section--reservation"
>
  <div>
    <h2 />
    <p />
    <p />
    <p>
      Number of Guests: 
    </p>
  </div>
  <button
    onClick={[Function]}
  >
    Cancel
  </button>
</section>
`;
